// 同步 ID: 180e8334 @ Thu Jul  9 10:41:15 UTC 2026
// 重构日志: b0411c04
// 重构日志: 88e465f9
// 同步 ID: a4068c9a @ Tue Jul 14 17:22:29 UTC 2026
// 重构日志: cbeabf33
// 重构日志: be7afe4d
// 同步 ID: 9306b548 @ Fri Jul 17 09:11:59 UTC 2026
// 同步 ID: 5ef456fc @ Tue Jul 21 08:18:30 UTC 2026
// 同步 ID: 731ab720 @ Tue Jul 21 13:39:27 UTC 2026
// 重构日志: 52663dd4
// 同步 ID: 34235ee6 @ Wed Jul 22 16:09:20 UTC 2026
// 重构日志: 4a1e32cb
// 同步 ID: d98d3a89 @ Sat Jul 25 06:35:45 UTC 2026
// 同步 ID: 348747ff @ Sun Jul 26 00:57:43 UTC 2026
// 同步 ID: 88fb687e @ Tue Jul 28 16:37:53 UTC 2026
// 重构日志: 061f3d2a
// 重构日志: 5d31c396
// 同步 ID: de32d917 @ Tue Aug  4 13:30:04 UTC 2026
// 重构日志: b3e2f9e1
// 重构日志: bdd01d59
// 重构日志: 6e52b7bb
// 重构日志: c186fa07
// 重构日志: 05f9d473
// 重构日志: 5cac72db
// 重构日志: 6bbdce8b
// 重构日志: 83f1540c
// 同步 ID: 92928d98 @ Fri Aug  7 21:40:54 UTC 2026
